[13:15:55.407] [INFO] storybook v10.4.2
[13:15:56.459] [DEBUG] Getting package.json info for /Users/tactics/Work/gertvdb/React/Storage/package.json...
[13:15:57.359] [DEBUG] Serving static files from [36mpublic[39m at [36m/[39m
[13:15:57.364] [INFO] Starting...
[13:15:57.692] [DEBUG] Starting preview..
[13:15:57.755] [WARN] 🚨 Unable to index ./examples/Writing/Docs.mdx,./examples/Writing/ErrorWrite/Docs.mdx:
  Error: You have two component docs pages with the same name Writing:Docs. Use `<Meta of={} name="Other Name">` to distinguish them.
    at _StoryIndexGenerator.chooseDuplicate (file:///Users/tactics/Work/gertvdb/React/Storage/node_modules/storybook/dist/core-server/index.js:16796:15)
    at file:///Users/tactics/Work/gertvdb/React/Storage/node_modules/storybook/dist/core-server/index.js:16840:52
    at Array.forEach (<anonymous>)
    at _StoryIndexGenerator.getIndexAndStats (file:///Users/tactics/Work/gertvdb/React/Storage/node_modules/storybook/dist/core-server/index.js:16837:23)
    at async _StoryIndexGenerator.getIndex (file:///Users/tactics/Work/gertvdb/React/Storage/node_modules/storybook/dist/core-server/index.js:16824:13)
    at async getOptimizeDeps (file:///Users/tactics/Work/gertvdb/React/Storage/node_modules/@storybook/builder-vite/dist/index.js:1862:15)
    at async createViteServer (file:///Users/tactics/Work/gertvdb/React/Storage/node_modules/@storybook/builder-vite/dist/index.js:1888:19)
    at async Module.start (file:///Users/tactics/Work/gertvdb/React/Storage/node_modules/@storybook/builder-vite/dist/index.js:1923:17)
    at async storybookDevServer (file:///Users/tactics/Work/gertvdb/React/Storage/node_modules/storybook/dist/core-server/index.js:18917:158)
    at async buildOrThrow (file:///Users/tactics/Work/gertvdb/React/Storage/node_modules/storybook/dist/core-server/index.js:8205:12)
[13:15:57.760] [ERROR] Failed to build the preview
[13:15:57.761] [ERROR] Error: Unable to index ./examples/Writing/Docs.mdx,./examples/Writing/ErrorWrite/Docs.mdx
    at _StoryIndexGenerator.getIndexAndStats (file://./node_modules/storybook/dist/core-server/index.js:16845:15)
    at async _StoryIndexGenerator.getIndex (file://./node_modules/storybook/dist/core-server/index.js:16824:13)
    at async getOptimizeDeps (file://./node_modules/@storybook/builder-vite/dist/index.js:1862:15)
    at async createViteServer (file://./node_modules/@storybook/builder-vite/dist/index.js:1888:19)
    at async Module.start (file://./node_modules/@storybook/builder-vite/dist/index.js:1923:17)
    at async storybookDevServer (file://./node_modules/storybook/dist/core-server/index.js:18917:158)
    at async buildOrThrow (file://./node_modules/storybook/dist/core-server/index.js:8205:12)
    at async buildDevStandalone (file://./node_modules/storybook/dist/core-server/index.js:19478:41)
    at async withTelemetry (file://./node_modules/storybook/dist/_node-chunks/chunk-PU4IASEN.js:655:12)
    at async dev (file://./node_modules/storybook/dist/bin/core.js:2735:3)
[13:15:57.763] [WARN] Broken build, fix the error above.
You may need to refresh the browser.
[13:16:14.318] [PROMPT] Would you like to send anonymous crash reports to improve Storybook and fix bugs faster? {"choice":true}